SET client_min_messages = warning;
\set ECHO none
RESET client_min_messages;
--
-- test SYSCONF
--
select true from pgsysconf();
 bool 
------
 t
(1 row)

select true from pgsysconf_pretty();
 bool 
------
 t
(1 row)

--
-- make a temp table to use below
--
CREATE TEMP TABLE test AS SELECT generate_series(1,256) as a;
--
-- this is not perfect testing but it is hard to predict what the OS will do
-- for *sure*
--
--
-- test fadvise_loader
--
select true from pgfadvise_loader('test', 0, true, true, B'1010');
ERROR:  POSIX_FADVISE UNSUPPORTED on your platform
CONTEXT:  SQL function "pgfadvise_loader" statement 1
select true from pgfadvise_loader('test', 0, true, false, B'1010');
ERROR:  POSIX_FADVISE UNSUPPORTED on your platform
CONTEXT:  SQL function "pgfadvise_loader" statement 1
select true from pgfadvise_loader('test', 0, false, true, B'1010');
ERROR:  POSIX_FADVISE UNSUPPORTED on your platform
CONTEXT:  SQL function "pgfadvise_loader" statement 1
select true from pgfadvise_loader('test', 0, false, false, B'1010');
ERROR:  POSIX_FADVISE UNSUPPORTED on your platform
CONTEXT:  SQL function "pgfadvise_loader" statement 1
--
-- test pgfincore
--
select true from pgfincore('test', true);
 bool 
------
 t
(1 row)

select true from pgfincore('test');
 bool 
------
 t
(1 row)

--
-- test DONTNEED, WILLNEED
--
select true from pgfadvise_willneed('test');
ERROR:  POSIX_FADVISE UNSUPPORTED on your platform
CONTEXT:  SQL function "pgfadvise_willneed" statement 1
select true from pgfadvise_dontneed('test');
ERROR:  POSIX_FADVISE UNSUPPORTED on your platform
CONTEXT:  SQL function "pgfadvise_dontneed" statement 1
--
-- test PGFADVISE flags
--
select true from pgfadvise_sequential('test');
ERROR:  POSIX_FADVISE UNSUPPORTED on your platform
CONTEXT:  SQL function "pgfadvise_sequential" statement 1
select true from pgfadvise_random('test');
ERROR:  POSIX_FADVISE UNSUPPORTED on your platform
CONTEXT:  SQL function "pgfadvise_random" statement 1
select true from pgfadvise_normal('test');
ERROR:  POSIX_FADVISE UNSUPPORTED on your platform
CONTEXT:  SQL function "pgfadvise_normal" statement 1
